AFG.XSA."Afghanistan"
ALB.XER."Albania"
DZA.XNF."Algeria"
ASM.XSA."American Samoa"
AND.XER."Andorra"
AGO.XAF."Angola"
ATG.XLM."Antigua and Barbuda"
ARG.XLM."Argentina"
ARM.CIS."Armenia"
ABW.XLM."Aruba"
AUS.XOC."Australia"
AUT.XE25."Austria"
AZE.CIS."Azerbaijan"
BHS.XLM."Bahamas, The"
BHR.XME."Bahrain"
BGD.XSA."Bangladesh"
BRB.XLM."Barbados"
BLR.CIS."Belarus"
BEL.XE25."Belgium"
BLZ.XLM."Belize"
BEN.XAF."Benin"
BMU.XLM."Bermuda"
BTN.XSA."Bhutan"
BOL.XLM."Bolivia"
BIH.XER."Bosnia and Herzegovina"
BWA.XAF."Botswana"
BRA.BRA."Brazil"
VGB.XLM."British Virgin Islands"
BRN.XSA."Brunei Darussalam"
BGR.XER."Bulgaria"
BFA.XAF."Burkina Faso"
BDI.XAF."Burundi"
CPV.XAF."Cabo Verde"
KHM.XSE."Cambodia"
CMR.XAF."Cameroon"
CAN.CAN."Canada"
CYM.XLM."Cayman Islands"
CAF.XAF."Central African Republic"
TCD.XAF."Chad"
CHI.XER."Channel Islands"
CHL.XLM."Chile"
CHN.CHN."China"
COL.XLM."Colombia"
COM.XAF."Comoros"
COD.XAF."Congo, Dem. Rep."
COG.XAF."Congo, Rep."
CRI.XLM."Costa Rica"
CIV.XAF."Cote d'Ivoire"
HRV.XER."Croatia"
CUB.XLM."Cuba"
CUW.XLM."Curacao"
CYP.XE25."Cyprus"
CZE.XE25."Czech Republic"
DNK.XE25."Denmark"
DJI.XAF."Djibouti"
DMA.XLM."Dominica"
DOM.XLM."Dominican Republic"
ECU.XLM."Ecuador"
EGY.XNF."Egypt, Arab Rep."
SLV.XLM."El Salvador"
GNQ.XAF."Equatorial Guinea"
ERI.XAF."Eritrea"
EST.XE25."Estonia"
SWZ.XAF."Eswatini"
ETH.XAF."Ethiopia"
FRO.XER."Faroe Islands"
FJI.XSA."Fiji"
FIN.XE25."Finland"
FRA.XE25."France"
PYF.XSA."French Polynesia"
GAB.XAF."Gabon"
GMB.XAF."Gambia, The"
GEO.CIS."Georgia"
DEU.XE25."Germany"
GHA.XAF."Ghana"
GIB.XER."Gibraltar"
GRC.XE25."Greece"
GRL.XLM."Greenland"
GRD.XLM."Grenada"
GUM.XSA."Guam"
GTM.XLM."Guatemala"
GIN.XAF."Guinea"
GNB.XAF."Guinea-Bissau"
GUY.XLM."Guyana"
HTI.XLM."Haiti"
HND.XLM."Honduras"
HUN.XE25."Hungary"
ISL.XER."Iceland"
IND.IND."India"
IDN.XSE."Indonesia"
IRN.XME."Iran, Islamic Rep."
IRQ.XME."Iraq"
IRL.XE25."Ireland"
IMN.XER."Isle of Man"
ISR.XME."Israel"
ITA.XE25."Italy"
JAM.XLM."Jamaica"
JPN.JPN."Japan"
JOR.XME."Jordan"
KAZ.CIS."Kazakhstan"
KEN.XAF."Kenya"
KIR.XSA."Kiribati"
PRK.XSE."Korea, Dem. People fs Rep."
KOR.XSE."Korea, Rep."
XKX.XER."Kosovo"
KWT.XME."Kuwait"
KGZ.CIS."Kyrgyz Republic"
LAO.XSE."Lao PDR"
LVA.XE25."Latvia"
LBN.XME."Lebanon"
LSO.XAF."Lesotho"
LBR.XAF."Liberia"
LBY.XNF."Libya"
LIE.XER."Liechtenstein"
LTU.XE25."Lithuania"
LUX.XE25."Luxembourg"
MAC.XSA."Macao SAR, China"
MDG.XAF."Madagascar"
MWI.XAF."Malawi"
MYS.XSE."Malaysia"
MDV.XSA."Maldives"
MLI.XAF."Mali"
MLT.XE25."Malta"
MHL.XSA."Marshall Islands"
MRT.XAF."Mauritania"
MUS.XAF."Mauritius"
MEX.XLM."Mexico"
FSM.XSA."Micronesia, Fed. Sts."
MDA.CIS."Moldova"
MCO.XER."Monaco"
MNG.XSE."Mongolia"
MNE.XER."Montenegro"
MAR.XNF."Morocco"
MOZ.XAF."Mozambique"
MMR.XSE."Myanmar"
NAM.XAF."Namibia"
NRU.XSA."Nauru"
NPL.XSA."Nepal"
NLD.XE25."Netherlands"
NCL.XSA."New Caledonia"
NZL.XOC."New Zealand"
NIC.XLM."Nicaragua"
NER.XAF."Niger"
NGA.XAF."Nigeria"
MKD.XER."North Macedonia"
MNP.XSA."Northern Mariana Islands"
NOR.XER."Norway"
OMN.XME."Oman"
PAK.XSA."Pakistan"
PLW.XSA."Palau"
PAN.XLM."Panama"
PNG.XSA."Papua New Guinea"
PRY.XLM."Paraguay"
PER.XLM."Peru"
PHL.XSE."Philippines"
POL.XE25."Poland"
PRT.XE25."Portugal"
PRI.XLM."Puerto Rico"
QAT.XME."Qatar"
ROU.XER."Romania"
RUS.CIS."Russian Federation"
RWA.XAF."Rwanda"
WSM.XSA."Samoa"
SMR.XER."San Marino"
STP.XAF."Sao Tome and Principe"
SAU.XME."Saudi Arabia"
SEN.XAF."Senegal"
SRB.XER."Serbia"
SYC.XAF."Seychelles"
SLE.XAF."Sierra Leone"
SGP.XSE."Singapore"
SXM.XLM."Sint Maarten (Dutch part)"
SVK.XE25."Slovak Republic"
SVN.XE25."Slovenia"
SLB.XSA."Solomon Islands"
SOM.XAF."Somalia"
ZAF.XAF."South Africa"
SSD.XAF."South Sudan"
ESP.XE25."Spain"
LKA.XSA."Sri Lanka"
KNA.XLM."St. Kitts and Nevis"
LCA.XLM."St. Lucia"
MAF.XLM."St. Martin (French part)"
VCT.XLM."St. Vincent and the Grenadines"
SDN.XAF."Sudan"
SUR.XLM."Suriname"
SWE.XE25."Sweden"
CHE.XER."Switzerland"
SYR.XME."Syrian Arab Republic"
TJK.CIS."Tajikistan"
TZA.XAF."Tanzania"
THA.XSE."Thailand"
TLS.XSE."Timor-Leste"
TGO.XAF."Togo"
TON.XSA."Tonga"
TTO.XLM."Trinidad and Tobago"
TUN.XNF."Tunisia"
TUR.TUR."Turkey"
TKM.CIS."Turkmenistan"
TCA.XLM."Turks and Caicos Islands"
TUV.XSA."Tuvalu"
UGA.XAF."Uganda"
UKR.CIS."Ukraine"
ARE.XME."United Arab Emirates"
GBR.XE25."United Kingdom"
USA.USA."United States"
URY.XLM."Uruguay"
UZB.CIS."Uzbekistan"
VUT.XSA."Vanuatu"
VEN.XLM."Venezuela, RB"
VNM.XSE."Vietnam"
VIR.XLM."Virgin Islands (U.S.)"
PSE.XME."West Bank and Gaza"
YEM.XME."Yemen, Rep."
ZMB.XAF."Zambia"
ZWE.XAF."Zimbabwe"
ANG.XLM."Anguilla"
MON.XLM."Montserrat"
PLS.XME."Palestinian Territory"
HKG.CHN."Hong Kong"