ABW	.	"R5LAM"
AFG	.	"R5ASIA"
AGO	.	"R5MAF"
ALB	.	"R5OECD90+EU"
AND	.	"R5OECD90+EU"
ARE	.	"R5MAF"
ARG	.	"R5LAM"
ARM	.	"R5REF"
ASM	.	"R5ASIA"
ATG	.	"R5LAM"
AUS	.	"R5OECD90+EU"
AUT	.	"R5OECD90+EU"
AZE	.	"R5REF"
BDI	.	"R5MAF"
BEL	.	"R5OECD90+EU"
BEN	.	"R5MAF"
BFA	.	"R5MAF"
BGD	.	"R5ASIA"
BGR	.	"R5OECD90+EU"
BHR	.	"R5MAF"
BHS	.	"R5LAM"
BIH	.	"R5OECD90+EU"
BLR	.	"R5REF"
BLZ	.	"R5LAM"
BMU	.	"R5LAM"
BOL	.	"R5LAM"
BRA	.	"R5LAM"
BRB	.	"R5LAM"
BRN	.	"R5ASIA"
BTN	.	"R5ASIA"
BWA	.	"R5MAF"
CAF	.	"R5MAF"
CAN	.	"R5OECD90+EU"
CHE	.	"R5OECD90+EU"
CHL	.	"R5LAM"
CHN	.	"R5ASIA"
CIV	.	"R5MAF"
CMR	.	"R5MAF"
COD	.	"R5MAF"
COG	.	"R5MAF"
COL	.	"R5LAM"
COM	.	"R5MAF"
CPV	.	"R5MAF"
CRI	.	"R5LAM"
CUB	.	"R5LAM"
CYM	.	"R5LAM"
CYP	.	"R5OECD90+EU"
CZE	.	"R5OECD90+EU"
DEU	.	"R5OECD90+EU"
DJI	.	"R5MAF"
DMA	.	"R5LAM"
DNK	.	"R5OECD90+EU"
DOM	.	"R5LAM"
DZA	.	"R5MAF"
ECU	.	"R5LAM"
EGY	.	"R5MAF"
ERI	.	"R5MAF"
ESP	.	"R5OECD90+EU"
EST	.	"R5OECD90+EU"
ETH	.	"R5MAF"
FIN	.	"R5OECD90+EU"
FJI	.	"R5ASIA"
FRA	.	"R5OECD90+EU"
FRO	.	"R5OECD90+EU"
FSM	.	"R5ASIA"
GAB	.	"R5MAF"
GBR	.	"R5OECD90+EU"
GEO	.	"R5REF"
GHA	.	"R5MAF"
GIB	.	"R5OECD90+EU"
GIN	.	"R5MAF"
GMB	.	"R5MAF"
GNB	.	"R5MAF"
GNQ	.	"R5MAF"
GRC	.	"R5OECD90+EU"
GRD	.	"R5LAM"
GRL	.	"R5LAM"
GTM	.	"R5LAM"
GUM	.	"R5ASIA"
GUY	.	"R5LAM"
HKG	.	"R5ASIA"
HND	.	"R5LAM"
HRV	.	"R5OECD90+EU"
HTI	.	"R5LAM"
HUN	.	"R5OECD90+EU"
IDN	.	"R5ASIA"
IND	.	"R5ASIA"
IRL	.	"R5OECD90+EU"
IRN	.	"R5MAF"
IRQ	.	"R5MAF"
ISL	.	"R5OECD90+EU"
ISR	.	"R5MAF"
ITA	.	"R5OECD90+EU"
JAM	.	"R5LAM"
JOR	.	"R5MAF"
JPN	.	"R5OECD90+EU"
KAZ	.	"R5REF"
KEN	.	"R5MAF"
KGZ	.	"R5REF"
KHM	.	"R5ASIA"
KIR	.	"R5ASIA"
KNA	.	"R5LAM"
KOR	.	"R5ASIA"
KWT	.	"R5MAF"
LAO	.	"R5ASIA"
LBN	.	"R5MAF"
LBR	.	"R5MAF"
LBY	.	"R5MAF"
LCA	.	"R5LAM"
LIE	.	"R5OECD90+EU"
LKA	.	"R5ASIA"
LSO	.	"R5MAF"
LTU	.	"R5OECD90+EU"
LUX	.	"R5OECD90+EU"
LVA	.	"R5OECD90+EU"
MAC	.	"R5ASIA"
MAR	.	"R5MAF"
MCO	.	"R5OECD90+EU"
MDA	.	"R5REF"
MDG	.	"R5MAF"
MDV	.	"R5ASIA"
MEX	.	"R5LAM"
MHL	.	"R5ASIA"
MKD	.	"R5OECD90+EU"
MLI	.	"R5MAF"
MLT	.	"R5OECD90+EU"
MMR	.	"R5ASIA"
MNE	.	"R5OECD90+EU"
MNG	.	"R5ASIA"
MNP	.	"R5ASIA"
MOZ	.	"R5MAF"
MRT	.	"R5MAF"
MUS	.	"R5MAF"
MWI	.	"R5MAF"
MYS	.	"R5ASIA"
NAM	.	"R5MAF"
NCL	.	"R5ASIA"
NER	.	"R5MAF"
NGA	.	"R5MAF"
NIC	.	"R5LAM"
NLD	.	"R5OECD90+EU"
NOR	.	"R5OECD90+EU"
NPL	.	"R5ASIA"
NRU	.	"R5ASIA"
NZL	.	"R5OECD90+EU"
OMN	.	"R5MAF"
PAK	.	"R5ASIA"
PAN	.	"R5LAM"
PER	.	"R5LAM"
PHL	.	"R5ASIA"
PLW	.	"R5ASIA"
PNG	.	"R5ASIA"
POL	.	"R5OECD90+EU"
PRI	.	"R5LAM"
PRK	.	"R5ASIA"
PRT	.	"R5OECD90+EU"
PRY	.	"R5LAM"
PSE	.	"R5MAF"
PYF	.	"R5ASIA"
QAT	.	"R5MAF"
ROU	.	"R5OECD90+EU"
RUS	.	"R5REF"
RWA	.	"R5MAF"
SAU	.	"R5MAF"
SDN	.	"R5MAF"
SEN	.	"R5MAF"
SGP	.	"R5ASIA"
SLB	.	"R5ASIA"
SLE	.	"R5MAF"
SLV	.	"R5LAM"
SMR	.	"R5OECD90+EU"
SOM	.	"R5MAF"
SRB	.	"R5OECD90+EU"
SSD	.	"R5MAF"
STP	.	"R5MAF"
SUR	.	"R5LAM"
SVK	.	"R5OECD90+EU"
SVN	.	"R5OECD90+EU"
SWE	.	"R5OECD90+EU"
SWZ	.	"R5MAF"
SYC	.	"R5MAF"
SYR	.	"R5MAF"
TCA	.	"R5LAM"
TCD	.	"R5MAF"
TGO	.	"R5MAF"
THA	.	"R5ASIA"
TJK	.	"R5REF"
TKM	.	"R5REF"
TLS	.	"R5ASIA"
TON	.	"R5ASIA"
TTO	.	"R5LAM"
TUN	.	"R5MAF"
TUR	.	"R5OECD90+EU"
TUV	.	"R5ASIA"
TZA	.	"R5MAF"
UGA	.	"R5MAF"
UKR	.	"R5REF"
URY	.	"R5LAM"
USA	.	"R5OECD90+EU"
UZB	.	"R5REF"
VCT	.	"R5LAM"
VEN	.	"R5LAM"
VGB	.	"R5LAM"
VIR	.	"R5LAM"
VNM	.	"R5ASIA"
VUT	.	"R5ASIA"
WSM	.	"R5ASIA"
YEM	.	"R5MAF"
ZAF	.	"R5MAF"
ZMB	.	"R5MAF"
ZWE	.	"R5MAF"
ABW	.	"WLD"
AFG	.	"WLD"
AGO	.	"WLD"
ALB	.	"WLD"
AND	.	"WLD"
ARE	.	"WLD"
ARG	.	"WLD"
ARM	.	"WLD"
ASM	.	"WLD"
ATG	.	"WLD"
AUS	.	"WLD"
AUT	.	"WLD"
AZE	.	"WLD"
BDI	.	"WLD"
BEL	.	"WLD"
BEN	.	"WLD"
BFA	.	"WLD"
BGD	.	"WLD"
BGR	.	"WLD"
BHR	.	"WLD"
BHS	.	"WLD"
BIH	.	"WLD"
BLR	.	"WLD"
BLZ	.	"WLD"
BMU	.	"WLD"
BOL	.	"WLD"
BRA	.	"WLD"
BRB	.	"WLD"
BRN	.	"WLD"
BTN	.	"WLD"
BWA	.	"WLD"
CAF	.	"WLD"
CAN	.	"WLD"
CHE	.	"WLD"
CHL	.	"WLD"
CHN	.	"WLD"
CIV	.	"WLD"
CMR	.	"WLD"
COD	.	"WLD"
COG	.	"WLD"
COL	.	"WLD"
COM	.	"WLD"
CPV	.	"WLD"
CRI	.	"WLD"
CUB	.	"WLD"
CYM	.	"WLD"
CYP	.	"WLD"
CZE	.	"WLD"
DEU	.	"WLD"
DJI	.	"WLD"
DMA	.	"WLD"
DNK	.	"WLD"
DOM	.	"WLD"
DZA	.	"WLD"
ECU	.	"WLD"
EGY	.	"WLD"
ERI	.	"WLD"
ESP	.	"WLD"
EST	.	"WLD"
ETH	.	"WLD"
FIN	.	"WLD"
FJI	.	"WLD"
FRA	.	"WLD"
FRO	.	"WLD"
FSM	.	"WLD"
GAB	.	"WLD"
GBR	.	"WLD"
GEO	.	"WLD"
GHA	.	"WLD"
GIB	.	"WLD"
GIN	.	"WLD"
GMB	.	"WLD"
GNB	.	"WLD"
GNQ	.	"WLD"
GRC	.	"WLD"
GRD	.	"WLD"
GRL	.	"WLD"
GTM	.	"WLD"
GUM	.	"WLD"
GUY	.	"WLD"
HKG	.	"WLD"
HND	.	"WLD"
HRV	.	"WLD"
HTI	.	"WLD"
HUN	.	"WLD"
IDN	.	"WLD"
IMN	.	"WLD"
IND	.	"WLD"
IRL	.	"WLD"
IRN	.	"WLD"
IRQ	.	"WLD"
ISL	.	"WLD"
ISR	.	"WLD"
ITA	.	"WLD"
JAM	.	"WLD"
JOR	.	"WLD"
JPN	.	"WLD"
KAZ	.	"WLD"
KEN	.	"WLD"
KGZ	.	"WLD"
KHM	.	"WLD"
KIR	.	"WLD"
KNA	.	"WLD"
KOR	.	"WLD"
KWT	.	"WLD"
LAO	.	"WLD"
LBN	.	"WLD"
LBR	.	"WLD"
LBY	.	"WLD"
LCA	.	"WLD"
LIE	.	"WLD"
LKA	.	"WLD"
LSO	.	"WLD"
LTU	.	"WLD"
LUX	.	"WLD"
LVA	.	"WLD"
MAC	.	"WLD"
MAF	.	"WLD"
MAR	.	"WLD"
MCO	.	"WLD"
MDA	.	"WLD"
MDG	.	"WLD"
MDV	.	"WLD"
MEX	.	"WLD"
MHL	.	"WLD"
MKD	.	"WLD"
MLI	.	"WLD"
MLT	.	"WLD"
MMR	.	"WLD"
MNE	.	"WLD"
MNG	.	"WLD"
MNP	.	"WLD"
MOZ	.	"WLD"
MRT	.	"WLD"
MUS	.	"WLD"
MWI	.	"WLD"
MYS	.	"WLD"
NAM	.	"WLD"
NCL	.	"WLD"
NER	.	"WLD"
NGA	.	"WLD"
NIC	.	"WLD"
NLD	.	"WLD"
NOR	.	"WLD"
NPL	.	"WLD"
NRU	.	"WLD"
NZL	.	"WLD"
OMN	.	"WLD"
PAK	.	"WLD"
PAN	.	"WLD"
PER	.	"WLD"
PHL	.	"WLD"
PLW	.	"WLD"
PNG	.	"WLD"
POL	.	"WLD"
PRI	.	"WLD"
PRK	.	"WLD"
PRT	.	"WLD"
PRY	.	"WLD"
PSE	.	"WLD"
PYF	.	"WLD"
QAT	.	"WLD"
ROU	.	"WLD"
RUS	.	"WLD"
RWA	.	"WLD"
SAU	.	"WLD"
SDN	.	"WLD"
SEN	.	"WLD"
SGP	.	"WLD"
SLB	.	"WLD"
SLE	.	"WLD"
SLV	.	"WLD"
SMR	.	"WLD"
SOM	.	"WLD"
SRB	.	"WLD"
SSD	.	"WLD"
STP	.	"WLD"
SUR	.	"WLD"
SVK	.	"WLD"
SVN	.	"WLD"
SWE	.	"WLD"
SWZ	.	"WLD"
SYC	.	"WLD"
SYR	.	"WLD"
TCA	.	"WLD"
TCD	.	"WLD"
TGO	.	"WLD"
THA	.	"WLD"
TJK	.	"WLD"
TKM	.	"WLD"
TLS	.	"WLD"
TON	.	"WLD"
TTO	.	"WLD"
TUN	.	"WLD"
TUR	.	"WLD"
TUV	.	"WLD"
TZA	.	"WLD"
UGA	.	"WLD"
UKR	.	"WLD"
URY	.	"WLD"
USA	.	"WLD"
UZB	.	"WLD"
VCT	.	"WLD"
VEN	.	"WLD"
VGB	.	"WLD"
VIR	.	"WLD"
VNM	.	"WLD"
VUT	.	"WLD"
WSM	.	"WLD"
YEM	.	"WLD"
ZAF	.	"WLD"
ZMB	.	"WLD"
ZWE	.	"WLD"
