2C	.	SSP2_1100C_2025CP_NoCC_CarPrc_global3
2C_expt	.	SSP2_1100C_2025CP_NoCC_CarPrc_global3
2C_Gini1	.	SSP2_1100C_2025CP_NoCC_CarPrc_global3_Gini1
2C_Gini3	.	SSP2_1100C_2025CP_NoCC_CarPrc_global3_Gini3
1p5C	.	SSP2_400C_2025CP_NoCC_CarPrc_global3
1p5C_expt	.	SSP2_400C_2025CP_NoCC_CarPrc_global3
1p5C_Gini1	.	SSP2_400C_2025CP_NoCC_CarPrc_global3_Gini1
1p5C_Gini3	.	SSP2_400C_2025CP_NoCC_CarPrc_global3_Gini3
Base	.	SSP2_BaU_NoCC_CarPrc_global3
Base_Gini1	.	SSP2_BaU_NoCC_CarPrc_global3_Gini1
Base_Gini3	.	SSP2_BaU_NoCC_CarPrc_global3_Gini3
2C_woc	.	SSP2woc_1100C_2025CP_NoCC_CarPrc_global3
2C_Gini1_woc	.	SSP2woc_1100C_2025CP_NoCC_CarPrc_global3_Gini1
2C_Gini3_woc	.	SSP2woc_1100C_2025CP_NoCC_CarPrc_global3_Gini3
1p5C_woc	.	SSP2woc_400C_2025CP_NoCC_CarPrc_global3
1p5C_Gini1_woc	.	SSP2woc_400C_2025CP_NoCC_CarPrc_global3_Gini1
1p5C_Gini3_woc	.	SSP2woc_400C_2025CP_NoCC_CarPrc_global3_Gini3
Base_woc	.	SSP2woc_BaU_NoCC_CarPrc_global3

SSP1_2C	.	SSP2SSP1_1100C_2025CP_NoCC_CarPrc_global3
SSP1_2C_expt	.	SSP2SSP1_1100C_2025CP_NoCC_CarPrc_global3
SSP1_1p5C	.	SSP2SSP1_400C_2025CP_NoCC_CarPrc_global3
SSP1_1p5C_expt	.	SSP2SSP1_400C_2025CP_NoCC_CarPrc_global3
SSP1_Base	.	SSP2SSP1_BaU_NoCC_CarPrc_global3
SSP1_2C_woc	.	SSP2SSP1woc_1100C_2025CP_NoCC_CarPrc_global3
SSP1_1p5C_woc	.	SSP2SSP1woc_400C_2025CP_NoCC_CarPrc_global3
SSP1_Base_woc	.	SSP2SSP1woc_BaU_NoCC_CarPrc_global3

SSP3_2C	.	SSP2SSP3_1100C_2025CP_NoCC_CarPrc_global3
SSP3_2C_expt	.	SSP2SSP3_1100C_2025CP_NoCC_CarPrc_global3
SSP3_1p5C	.	SSP2SSP3_400C_2025CP_NoCC_CarPrc_global3
SSP3_1p5C_expt	.	SSP2SSP3_400C_2025CP_NoCC_CarPrc_global3
SSP3_Base	.	SSP2SSP3_BaU_NoCC_CarPrc_global3
SSP3_2C_woc	.	SSP2SSP3woc_1100C_2025CP_NoCC_CarPrc_global3
SSP3_1p5C_woc	.	SSP2SSP3woc_400C_2025CP_NoCC_CarPrc_global3
SSP3_Base_woc	.	SSP2SSP3woc_BaU_NoCC_CarPrc_global3

SSP2_2C_HighAgTech	.	SSP2_HighAgTech_1100C_2025CP_NoCC_CarPrc_global3
SSP2_2C_HighAgTech_expt	.	SSP2_HighAgTech_1100C_2025CP_NoCC_CarPrc_global3
SSP2_1p5C_HighAgTech	.	SSP2_HighAgTech_400C_2025CP_NoCC_CarPrc_global3
SSP2_1p5C_HighAgTech_expt	.	SSP2_HighAgTech_400C_2025CP_NoCC_CarPrc_global3
SSP2_Base_HighAgTech	.	SSP2_HighAgTech_BaU_NoCC_CarPrc_global3
SSP2_2C_HighAgTech_woc	.	SSP2woc_HighAgTech_1100C_2025CP_NoCC_CarPrc_global3
SSP2_1p5C_HighAgTech_woc	.	SSP2woc_HighAgTech_400C_2025CP_NoCC_CarPrc_global3
SSP2_Base_HighAgTech_woc	.	SSP2woc_HighAgTech_BaU_NoCC_CarPrc_global3

SSP2_2C_LowAgTech	.	SSP2_LowAgTech_1100C_2025CP_NoCC_CarPrc_global3
SSP2_2C_LowAgTech_expt	.	SSP2_LowAgTech_1100C_2025CP_NoCC_CarPrc_global3
SSP2_1p5C_LowAgTech	.	SSP2_LowAgTech_400C_2025CP_NoCC_CarPrc_global3
SSP2_1p5C_LowAgTech_expt	.	SSP2_LowAgTech_400C_2025CP_NoCC_CarPrc_global3
SSP2_Base_LowAgTech	.	SSP2_LowAgTech_BaU_NoCC_CarPrc_global3
SSP2_2C_LowAgTech_woc	.	SSP2woc_LowAgTech_1100C_2025CP_NoCC_CarPrc_global3
SSP2_1p5C_LowAgTech_woc	.	SSP2woc_LowAgTech_400C_2025CP_NoCC_CarPrc_global3
SSP2_Base_LowAgTech_woc	.	SSP2woc_LowAgTech_BaU_NoCC_CarPrc_global3